# 2026-08-05T00:29:16.773Z run
2026-08-05T00:32:05.664Z	too_few_steps	https://www.plainchicken.com/creolecajun-seasoning-secret-recipe	Homemade Creole/Cajun Seasoning
2026-08-05T00:32:09.522Z	stub_content	https://www.plainchicken.com/easy-homemade-pizza-sauce	Homemade Pizza Sauce
2026-08-05T00:32:10.545Z	too_few_steps	https://www.plainchicken.com/ranch-style-green-beans	Ranch Style Green Beans
2026-08-05T00:32:25.506Z	stub_content	https://www.plainchicken.com/cracked-out-sour-cream-cornbread	Cracked Out Sour Cream Cornbread
2026-08-05T00:32:34.502Z	stub_content	https://www.plainchicken.com/warm-corn-dip	Warm Spicy Corn Dip
2026-08-05T00:32:37.502Z	stub_content	https://www.plainchicken.com/slow-cooker-bourbon-baked-beans	Slow Cooker Bourbon Baked Beans
2026-08-05T00:32:46.526Z	too_few_ingredients	https://www.plainchicken.com/greek-marinated-tomatoes	Greek Marinated Tomatoes
2026-08-05T00:32:48.524Z	stub_content	https://www.plainchicken.com/chicken-pot-pie-pierogi-casserole	Chicken Pot Pie Pierogi Casserole
2026-08-05T00:32:58.532Z	too_few_steps	https://www.plainchicken.com/southwestern-black-beans	Southwestern Black Beans
2026-08-05T00:33:04.576Z	too_few_ingredients	https://www.plainchicken.com/2-ingredient-pizza-dough	2-Ingredient Pizza Dough
2026-08-05T00:33:11.543Z	stub_content	https://www.plainchicken.com/creamy-crack-dip-football-friday	Creamy Crack Dip
2026-08-05T00:33:18.701Z	stub_content	https://www.plainchicken.com/secret-ingredient-cheesy-garlic-bread	Secret Ingredient Cheesy Garlic Bread
2026-08-05T00:33:22.648Z	stub_content	https://www.plainchicken.com/jacks-ultimate-steak-marinade	Jack's Ultimate Steak Marinade
2026-08-05T00:33:23.566Z	stub_content	https://www.plainchicken.com/cracked-out-chicken-dip	Cracked Out Chicken Dip
2026-08-05T00:33:28.599Z	too_few_steps	https://www.plainchicken.com/homemade-taco-seasoning	Homemade Taco Seasoning
2026-08-05T00:33:36.556Z	stub_content	https://www.plainchicken.com/southwestern-green-beans	Southwestern Green Beans
2026-08-05T00:33:39.610Z	stub_content	https://www.plainchicken.com/buffalo-ranch-meatballs-football-friday	Buffalo Ranch Meatballs
2026-08-05T00:33:42.560Z	too_few_steps	https://www.plainchicken.com/alfredo-chicken-chili	Alfredo Chicken Chili
2026-08-05T00:33:55.725Z	too_few_steps	https://www.plainchicken.com/cracked-out-broccoli-salad	Cracked Out Broccoli Salad
2026-08-05T00:34:03.595Z	stub_content	https://www.plainchicken.com/pulled-pork-vegetable-soup	Pulled Pork Vegetable Soup
2026-08-05T00:34:04.676Z	stub_content	https://www.plainchicken.com/cheesy-corn-salsa	Cheesy Corn Salsa
2026-08-05T00:34:08.588Z	too_few_steps	https://www.plainchicken.com/slow-cooker-bacon-cheeseburger-soup	Slow Cooker Bacon Cheeseburger Soup
2026-08-05T00:34:18.698Z	stub_content	https://www.plainchicken.com/mushroom-wild-rice-soup	Mushroom & Wild Rice Soup
2026-08-05T00:34:28.619Z	stub_content	https://www.plainchicken.com/cheesy-green-chile-rice	Cheesy Green Chile Rice
2026-08-05T00:34:36.631Z	too_few_steps	https://www.plainchicken.com/slow-cooker-mississippi-chicken	Slow Cooker Mississippi Chicken
2026-08-05T00:34:58.150Z	too_few_steps	https://www.plainchicken.com/jolly-juice	Jolly Juice - Cranberry Mimosas
2026-08-05T00:35:11.670Z	stub_content	https://www.plainchicken.com/roasted-green-beans-and-mushrooms	Roasted Green Beans and Mushrooms
2026-08-05T00:35:39.857Z	stub_content	https://www.plainchicken.com/homemade-peppermint-hot-chocolate-mix	Homemade Peppermint Hot Chocolate Mix
2026-08-05T00:35:52.784Z	too_few_ingredients	https://www.plainchicken.com/mr-goodbar-bites	Mr. Goodbar Bites
2026-08-05T00:36:03.790Z	stub_content	https://www.plainchicken.com/crack-chicken-rice-soup	Crack Chicken and Rice Soup
2026-08-05T00:36:09.319Z	stub_content	https://www.plainchicken.com/smoked-sausage-turkey-brunswick-stew	Smoked Sausage & Turkey Brunswick Stew
2026-08-05T00:36:16.761Z	stub_content	https://www.plainchicken.com/italian-bbq-ranch-grilled-chicken	Italian BBQ Ranch Grilled Chicken
2026-08-05T00:36:18.771Z	stub_content	https://www.plainchicken.com/bbq-ranch-grilled-chicken	BBQ Ranch Grilled Chicken
2026-08-05T00:36:31.796Z	too_few_ingredients	https://www.plainchicken.com/slow-cooker-dinner-rolls	Slow Cooker Dinner Rolls
2026-08-05T00:36:36.902Z	stub_content	https://www.plainchicken.com/smoked-sausage-spinach-soup	Smoked Sausage & Spinach Soup
2026-08-05T00:36:48.877Z	stub_content	https://www.plainchicken.com/slow-cooker-spicy-chicken-stew	Slow Cooker Spicy Chicken Stew
2026-08-05T00:36:50.297Z	too_few_steps	https://www.plainchicken.com/southwestern-corn-dip	Southwestern Corn Dip
2026-08-05T00:37:13.859Z	stub_content	https://www.plainchicken.com/mortons-steakhouse-marinade	Morton's Steakhouse Marinade
2026-08-05T00:37:59.011Z	too_few_ingredients	https://www.plainchicken.com/cinnamon-bones	Cinnamon Bones
2026-08-05T00:38:00.015Z	stub_content	https://www.plainchicken.com/taco-soup-d7	Easy Taco Soup
2026-08-05T00:38:33.044Z	stub_content	https://www.plainchicken.com/bacon-pimento-cheese-quiche	Bacon & Pimento Cheese Quiche
2026-08-05T00:38:48.071Z	stub_content	https://www.plainchicken.com/lemon-garlic-marinade	Lemon Garlic Marinade
2026-08-05T00:38:49.037Z	too_few_steps	https://www.plainchicken.com/no-cook-pizza-sauce	No-Cook Pizza Sauce
2026-08-05T00:38:55.961Z	stub_content	https://www.plainchicken.com/sloppy-joe-cowboy-beans	Sloppy Joe Cowboy Beans
2026-08-05T00:39:08.968Z	stub_content	https://www.plainchicken.com/the-masters-pimento-cheese	The Masters Pimento Cheese
2026-08-05T00:39:13.969Z	stub_content	https://www.plainchicken.com/easy-refried-beans	Easy Refried Beans
2026-08-05T00:39:18.982Z	stub_content	https://www.plainchicken.com/cracked-out-pimento-cheese	Cracked Out Pimento Cheese
2026-08-05T00:39:22.157Z	stub_content	https://www.plainchicken.com/oreo-dip	Oreo Dip
2026-08-05T00:39:49.006Z	stub_content	https://www.plainchicken.com/fiesta-rice	Easy Fiesta Rice
2026-08-05T00:40:12.037Z	stub_content	https://www.plainchicken.com/superior-grill-salsa	Superior Grill Salsa
2026-08-05T00:40:56.073Z	too_few_steps	https://www.plainchicken.com/copycat-outback-ranch-dressing	Copycat Outback Ranch Dressing
2026-08-05T00:41:05.065Z	stub_content	https://www.plainchicken.com/all-purpose-marinade	All-Purpose Marinade Recipe
2026-08-05T00:41:18.075Z	stub_content	https://www.plainchicken.com/roasted-asparagus-and-tomatoes	Roasted Asparagus & Tomatoes
2026-08-05T00:41:27.105Z	too_few_steps	https://www.plainchicken.com/pineapple-slaw	Pineapple Coleslaw
2026-08-05T00:41:30.093Z	stub_content	https://www.plainchicken.com/3-ingredient-marinated-chicken	3-Ingredient Marinated Chicken
2026-08-05T00:41:39.197Z	too_few_steps	https://www.plainchicken.com/pink-bikini-cocktail	Pink Bikini Cocktail
2026-08-05T00:41:41.093Z	stub_content	https://www.plainchicken.com/jalapeno-popper-corn-salad	Jalapeno Popper Corn Salad
2026-08-05T00:41:55.143Z	stub_content	https://www.plainchicken.com/carrot-salad	Chick-fil-A Carrot & Raisin Salad
2026-08-05T00:42:03.147Z	stub_content	https://www.plainchicken.com/honey-pineapple-grilled-chicken	Honey Pineapple Grilled Chicken
2026-08-05T00:42:10.582Z	stub_content	https://www.plainchicken.com/lunch-lady-sloppy-joes	Lunch Lady Sloppy Joes
2026-08-05T00:42:22.190Z	stub_content	https://www.plainchicken.com/freezer-meal-honey-teriyaki-chicken	Honey Teriyaki Chicken Freezer Meal
2026-08-05T00:42:24.201Z	stub_content	https://www.plainchicken.com/burgers	Easy Ranch Burgers
2026-08-05T00:42:40.252Z	too_few_steps	https://www.plainchicken.com/bbq-seasoning	BBQ Seasoning
2026-08-05T00:42:43.200Z	stub_content	https://www.plainchicken.com/spicy-ranch-fritos	Spicy Ranch Fritos
2026-08-05T00:42:53.333Z	stub_content	https://www.plainchicken.com/deen-bros-chili	All Day Beef Chili
2026-08-05T00:43:05.983Z	too_few_ingredients	https://www.plainchicken.com/instant-pot-hard-boiled-eggs	Instant Pot Hard-Boiled Eggs
2026-08-05T00:43:45.397Z	stub_content	https://www.plainchicken.com/southwestern-ranch-spread	Southwest Ranch Dip
2026-08-05T00:43:56.285Z	stub_content	https://www.plainchicken.com/carrabbas-bread-dip	Carrabbas Bread Dip
2026-08-05T00:43:57.328Z	stub_content	https://www.plainchicken.com/taco-queso-soup	Cheesy Taco Soup
2026-08-05T00:44:32.446Z	stub_content	https://www.plainchicken.com/slow-cooker-bolognese-sauce	THE BEST Slow Cooker Bolognese Sauce
2026-08-05T00:44:46.565Z	stub_content	https://www.plainchicken.com/the-best-taco-meat	The BEST Taco Meat
2026-08-05T00:45:07.473Z	stub_content	https://www.plainchicken.com/slow-cooker-taco-pot-roast	Slow Cooker Taco Pot Roast
2026-08-05T00:45:36.585Z	stub_content	https://www.plainchicken.com/pimento-cheese-macaroni-salad	Pimento Cheese Macaroni Salad
2026-08-05T00:46:07.612Z	stub_content	https://www.plainchicken.com/slow-cooker-southern-green-beans	Slow Southern Cooker Green Beans
2026-08-05T00:46:14.659Z	stub_content	https://www.plainchicken.com/pepper-jack-pasta-salad	Pepper Jack Pasta Salad
2026-08-05T00:46:19.520Z	stub_content	https://www.plainchicken.com/slow-cooker-cheesy-corn-and-broccoli	Slow Cooker Cheesy Corn and Broccoli
2026-08-05T00:46:27.684Z	too_few_steps	https://www.plainchicken.com/slow-cooker-baked-beans	Slow Cooker Baked Beans
2026-08-05T00:46:38.554Z	too_few_steps	https://www.plainchicken.com/zippy-pineapple-dip	Jezebel Sauce
2026-08-05T00:46:43.675Z	stub_content	https://www.plainchicken.com/olexas-chicken-salad	Curry Chicken Salad
2026-08-05T00:46:44.669Z	too_few_ingredients	https://www.plainchicken.com/bbq-pork-steam-buns	BBQ Pork Steam Buns
2026-08-05T00:47:21.736Z	stub_content	https://www.plainchicken.com/no-bake-key-lime-pie	No-Bake Key Lime Pie
2026-08-05T00:47:28.634Z	stub_content	https://www.plainchicken.com/pineapple-pie	Pineapple Pie
2026-08-05T00:47:38.658Z	too_few_steps	https://www.plainchicken.com/no-bake-lemon-pie	No-Bake Lemon Pie
2026-08-05T00:47:43.758Z	stub_content	https://www.plainchicken.com/beer-cornbread	Beer Cornbread
2026-08-05T00:48:20.707Z	stub_content	https://www.plainchicken.com/3-ingredient-italian-bbq-chicken	3-Ingredient Italian BBQ Chicken
2026-08-05T00:48:27.827Z	stub_content	https://www.plainchicken.com/slow-cooker-angel-pork-chops	Slow Cooker Angel Pork Chops
2026-08-05T00:48:42.735Z	stub_content	https://www.plainchicken.com/outback-steak-seasoning	Outback Steak Seasoning
2026-08-05T00:48:51.741Z	stub_content	https://www.plainchicken.com/chili-cheese-dip	Chili Cheese Dip
2026-08-05T00:49:08.851Z	stub_content	https://www.plainchicken.com/butterfinger-dip-football-friday	Butterfinger Dip
2026-08-05T00:49:37.886Z	too_few_steps	https://www.plainchicken.com/chicken-and-corn-chowder	Chicken Corn Chowder
2026-08-05T00:49:45.861Z	stub_content	https://www.plainchicken.com/low-fat-greek-lemon-chicken-rice-soup	Low-Fat Greek Lemon Chicken & Rice Soup
2026-08-05T00:49:56.874Z	stub_content	https://www.plainchicken.com/slow-cooker-beer-braised-onion-soup	Slow Cooker Beer Braised Onion Soup Chicken Sandwiches
2026-08-05T00:50:36.833Z	stub_content	https://www.plainchicken.com/homemade-ranch-dressing-mix	Homemade Ranch Dressing Mix
2026-08-05T00:51:31.977Z	too_few_steps	https://www.plainchicken.com/slow-cooker-ham-and-potato-soup	Ham and Potato Soup
2026-08-05T00:51:42.986Z	stub_content	https://www.plainchicken.com/corn-pimento-cheese-dip	Corn Pimento Cheese Dip
2026-08-05T00:51:49.911Z	too_few_steps	https://www.plainchicken.com/crack-dip	CRACK DIP - Cheddar Bacon Dip
2026-08-05T00:51:55.973Z	stub_content	https://www.plainchicken.com/chick-fil-a-coleslaw	Chick-fil-a Coleslaw
2026-08-05T00:52:01.013Z	stub_content	https://www.plainchicken.com/slow-cooker-creamed-corn-with-bacon	Crock Pot Creamed Corn with Bacon
2026-08-05T00:52:11.093Z	too_few_steps	https://www.plainchicken.com/crack-turkey-salad	Crack Turkey Salad
2026-08-05T00:52:44.970Z	stub_content	https://www.plainchicken.com/slow-cooker-beer-brats-football-friday	Slow Cooker Beer Brats
2026-08-05T00:52:58.954Z	stub_content	https://www.plainchicken.com/slow-cooker-cheesy-bacon-potatoes	Slow Cooker Cheesy Bacon Potatoes
2026-08-05T00:53:35.072Z	stub_content	https://www.plainchicken.com/italian-cream-cheese-spread	Italian Cream Cheese Dip
2026-08-05T00:53:38.008Z	too_few_ingredients	https://www.plainchicken.com/easy-biscuit-waffles	Easy Biscuit Waffles
2026-08-05T00:53:52.090Z	stub_content	https://www.plainchicken.com/cranberry-little-smokies	Cranberry Little Smokies
2026-08-05T00:56:18.239Z	stub_content	https://www.plainchicken.com/flora-bama-bushwhacker-recipe	Flora-Bama Bushwacker
2026-08-05T00:56:21.212Z	stub_content	https://www.plainchicken.com/crockpot-pork-tenderloin-gravy	Crockpot Pork Tenderloin & Gravy
2026-08-05T00:57:23.290Z	too_few_ingredients	https://www.plainchicken.com/twisted-dogs	Twisted Crescent Roll Hot Dogs
2026-08-05T00:58:02.221Z	too_few_steps	https://www.plainchicken.com/crock-pot-crack-creamed-corn	Crock Pot Crack Creamed Corn
2026-08-05T00:59:26.327Z	too_few_steps	https://www.plainchicken.com/mississippi-pot-roast-slow-cooker	Mississippi Pot Roast
2026-08-05T00:59:28.401Z	too_few_steps	https://www.plainchicken.com/black-eyed-pea-salad	Black Eyed Pea Salad
2026-08-05T00:59:29.451Z	too_few_steps	https://www.plainchicken.com/homemade-tartar-sauce	Tartar Sauce Recipe
2026-08-05T00:59:49.366Z	stub_content	https://www.plainchicken.com/chicken-finger-sauce-football-friday	Raising Cane's Sauce Recipe
2026-08-05T01:00:12.444Z	stub_content	https://www.plainchicken.com/warm-feta-dip	Hot Feta Dip
2026-08-05T01:00:19.320Z	stub_content	https://www.plainchicken.com/christmas-spiced-tea-mix	Christmas Spiced Tea Mix
2026-08-05T01:00:29.422Z	stub_content	https://www.plainchicken.com/ranch-beer-cheese-dip	Beer Cheese Crack Dip
2026-08-05T01:00:44.414Z	stub_content	https://www.plainchicken.com/black-eyed-pea-soup	Black-Eyed Pea Soup
2026-08-05T01:00:53.347Z	stub_content	https://www.plainchicken.com/apple-jelly-smokies-football-friday	Apple Jelly Little Smokies
2026-08-05T01:00:55.466Z	too_few_steps	https://www.plainchicken.com/whiskey-glazed-little-smokies	Whiskey Glazed Little Smokies
2026-08-05T01:01:03.446Z	stub_content	https://www.plainchicken.com/slow-cooker-italian-ranch-mushrooms	Italian Ranch Mushrooms
2026-08-05T01:01:40.546Z	stub_content	https://www.plainchicken.com/mozzarella-cheese-ball	Mozzarella Cheese Ball
2026-08-05T01:01:47.477Z	too_few_ingredients	https://www.plainchicken.com/sausage-cinnamon-rolls	Sausage Cinnamon Rolls
2026-08-05T01:01:54.425Z	stub_content	https://www.plainchicken.com/black-eyed-pea-chili	Black Eyed Pea Chili
2026-08-05T01:02:02.411Z	too_few_steps	https://www.plainchicken.com/black-eye-peas-and-ham-slow-cooker	Slow Cooker Black Eye Peas and Ham
2026-08-05T01:02:35.455Z	too_few_ingredients	https://www.plainchicken.com/honey-roasted-chocolate-peanuts	Honey Roasted Chocolate Peanuts
2026-08-05T01:02:48.963Z	stub_content	https://www.plainchicken.com/oatmeal-pie	Oatmeal Pie
2026-08-05T01:03:00.595Z	too_few_steps	https://www.plainchicken.com/slow-cooker-pulled-pork-chili	Slow Cooker Pulled Pork Chili
2026-08-05T01:03:19.640Z	too_few_steps	https://www.plainchicken.com/brunswick-stew-d34	Quick Brunswick Stew
2026-08-05T01:03:20.691Z	stub_content	https://www.plainchicken.com/slow-cooker-crack-chicken-potato-soup	Crack Chicken Potato Soup
2026-08-05T01:03:24.617Z	stub_content	https://www.plainchicken.com/white-bean-chicken-chili-slow-cooker	Slow Cooker White Bean Chicken Chili
2026-08-05T01:03:30.617Z	too_few_steps	https://www.plainchicken.com/slow-cooker-steak-and-potato-soup	Slow Cooker Steak and Potato Soup
2026-08-05T01:03:46.647Z	stub_content	https://www.plainchicken.com/brunswick-stew	The BEST Brunswick Stew
2026-08-05T01:03:47.530Z	stub_content	https://www.plainchicken.com/slow-cooker-chicken-chili	Slow Cooker Chicken Chili
2026-08-05T01:03:50.712Z	stub_content	https://www.plainchicken.com/sour-cream-cornbread	Sour Cream Cornbread
2026-08-05T01:04:19.573Z	stub_content	https://www.plainchicken.com/margarita-punch	Margarita Punch
2026-08-05T01:04:57.697Z	stub_content	https://www.plainchicken.com/cool-ranch-chicken-tacos-slow-cooker	Cool Ranch Chicken Tacos
2026-08-05T01:05:10.778Z	stub_content	https://www.plainchicken.com/azalea-cocktail	Azalea Cocktail
2026-08-05T01:05:23.703Z	stub_content	https://www.plainchicken.com/slow-cooker-honey-glazed-peas-and	Slow Cooker Peas and Carrots
2026-08-05T01:05:34.642Z	stub_content	https://www.plainchicken.com/2-ingredient-creamy-salsa-jose-ole	Creamy Salsa Ranch Dip
2026-08-05T01:06:18.670Z	stub_content	https://www.plainchicken.com/honey-mustard-sauce	Honey Mustard Sauce
2026-08-05T01:06:34.704Z	stub_content	https://www.plainchicken.com/white-bbq-sauce-alabama-white-sauce	Alabama White BBQ Sauce
2026-08-05T01:07:04.716Z	stub_content	https://www.plainchicken.com/slow-cooker-turkey-breast	Slow Cooker Turkey Breast
2026-08-05T01:07:09.750Z	stub_content	https://www.plainchicken.com/3-ingredient-cream-cheese-sausage-dip	3-Ingredient Cream Cheese Sausage Dip
2026-08-05T01:07:26.737Z	too_few_ingredients	https://www.plainchicken.com/2-ingredient-cream-biscuits	2-Ingredient Biscuits
2026-08-05T01:08:11.751Z	too_few_steps	https://www.plainchicken.com/slow-cooker-mississippi-pork-tenderloin	Slow Cooker Mississippi Pork Tenderloin
2026-08-05T01:08:59.908Z	too_few_ingredients	https://www.plainchicken.com/homemade-vanilla-extract	Homemade Vanilla Extract
2026-08-05T01:09:04.795Z	stub_content	https://www.plainchicken.com/neiman-marcus-dip	Neiman Marcus Million Dollar Dip
2026-08-05T01:09:15.813Z	stub_content	https://www.plainchicken.com/better-than-jim-n-nicks-cheesy-biscuits	Better than Jim 'N Nick's Cheesy Biscuits
2026-08-05T01:09:16.826Z	too_few_steps	https://www.plainchicken.com/slow-cooker-cheddar-corn	Slow Cooker Cheddar Corn
2026-08-05T01:09:42.926Z	too_few_steps	https://www.plainchicken.com/orange-cranberry-dip-football-friday	Orange Cranberry Cream Cheese Dip
2026-08-05T01:10:04.916Z	stub_content	https://www.plainchicken.com/firehouse-chili	Firehouse Chili
2026-08-05T01:10:30.866Z	too_few_ingredients	https://www.plainchicken.com/bunny-rolls	Easter Bunny Cinnamon Rolls
2026-08-05T01:10:41.365Z	stub_content	https://www.plainchicken.com/baked-neiman-marcus-dip	Baked Neiman Marcus Dip
2026-08-05T01:11:48.925Z	too_few_steps	https://www.plainchicken.com/best-steak-marinade-in-existence	Best Steak Marinade in Existence
2026-08-05T01:11:50.022Z	stub_content	https://www.plainchicken.com/big-batch-arnold-palmers	Big Batch Arnold Palmers
2026-08-05T01:11:51.050Z	stub_content	https://www.plainchicken.com/slow-cooker-low-carb-chicken-spinach	Slow Cooker Low-Carb Chicken Spinach & Artichoke Soup
2026-08-05T01:12:00.943Z	too_few_steps	https://www.plainchicken.com/quick-baked-beans	Quick Baked Beans with Bacon
2026-08-05T01:12:05.023Z	too_few_steps	https://www.plainchicken.com/slow-cooker-16-bean-country-soup	Slow Cooker 16 Bean Country Soup
2026-08-05T01:13:41.022Z	stub_content	https://www.plainchicken.com/quick-enchilada-rice	Quick Enchilada Rice
2026-08-05T01:13:49.253Z	stub_content	https://www.plainchicken.com/nacho-chicken-soup	Nacho Chicken Soup
2026-08-05T01:14:08.177Z	stub_content	https://www.plainchicken.com/stovetop-cracked-out-chicken-rice	Stovetop Crack Chicken and Rice
2026-08-05T01:14:11.048Z	stub_content	https://www.plainchicken.com/homemade-cream-of-chicken-soup	Homemade Cream of Chicken Soup Mix
2026-08-05T01:16:01.103Z	stub_content	https://www.plainchicken.com/touchdown-taco-dip	Boat Dip (Easy Taco Dip)
2026-08-05T01:16:04.518Z	stub_content	https://www.plainchicken.com/grape-jelly-meatballs-football-friday	Grape Jelly Meatballs
2026-08-05T01:16:23.243Z	stub_content	https://www.plainchicken.com/frozen-bourbon-coke-football-friday	Bourbon and Coke Slushy
2026-08-05T01:16:31.310Z	stub_content	https://www.plainchicken.com/pecan-pie-bites-football-friday	Mini Pecan Tarts
2026-08-05T01:16:33.162Z	too_few_steps	https://www.plainchicken.com/slow-cooker-whiskey-meatballs-football	Slow Cooker Whiskey Meatballs
2026-08-05T01:17:10.274Z	stub_content	https://www.plainchicken.com/pumpkin-fluff	Pumpkin Fluff
2026-08-05T01:17:31.332Z	too_few_ingredients	https://www.plainchicken.com/sausage-biscuit-pinwheels	Sausage Biscuit Pinwheels
